// Jest Snapshot v1, https://goo.gl/fbAQLP

exports[`support models with only one id field (some crud operations are removed): schema 1`] = `
"type User {
  id: Int!
}

type Query {
  ok: Boolean!
}"
`;

exports[`support models with only one id field (some crud operations are removed): typegen 1`] = `
"import * as Typegen from '@morgothulhu/nexus-plugin-prisma/typegen'
import * as Prisma from '@prisma/client';

// Pagination type
type Pagination = {
    first?: boolean
    last?: boolean
    before?: boolean
    after?: boolean
}

// Prisma custom scalar names
type CustomScalars = 'No custom scalars are used in your Prisma Schema.'

// Prisma model type definitions
interface PrismaModels {
  User: Prisma.User
}

// Prisma input types metadata
interface NexusPrismaInputs {
  Query: {
    users: {
      filtering: 'AND' | 'OR' | 'NOT' | 'id'
      ordering: 'id'
    }
    groupByUser: {
      filtering: 'AND' | 'OR' | 'NOT' | 'id'
      ordering: 'id' | '_count' | '_avg' | '_max' | '_min' | '_sum'
    }
  },
  User: {

  }
}

// Prisma output types metadata
interface NexusPrismaOutputs {
  Query: {
    aggregateUser: 'AggregateUser'
    users: 'User'
    user: 'User'
    groupByUser: 'UserGroupByOutputType'
  },
  Mutation: {
    createOneUser: 'User'
    deleteOneUser: 'User'
    deleteManyUser: 'AffectedRowsOutput'
    updateOneUser: 'User'
    updateManyUser: 'AffectedRowsOutput'
  },
  User: {
    id: 'Int'
  }
}

// Helper to gather all methods relative to a model
interface NexusPrismaMethods {
  User: Typegen.NexusPrismaFields<'User'>
  Query: Typegen.NexusPrismaFields<'Query'>
  Mutation: Typegen.NexusPrismaFields<'Mutation'>
}

interface NexusPrismaGenTypes {
  inputs: NexusPrismaInputs
  outputs: NexusPrismaOutputs
  methods: NexusPrismaMethods
  models: PrismaModels
  pagination: Pagination
  scalars: CustomScalars
}

declare global {
  interface NexusPrismaGen extends NexusPrismaGenTypes {}

  type NexusPrisma<
    TypeName extends string,
    ModelOrCrud extends 'model' | 'crud'
  > = Typegen.GetNexusPrisma<TypeName, ModelOrCrud>;
}
  "
`;
