// Jest Snapshot v1, https://goo.gl/fbAQLP

exports[`removes global contextArg fields from all input types: globalContextArgs 1`] = `
Object {
  "missingTypes": Object {},
  "schema": "type Mutation {
  createOneUser(data: UserCreateInput!): User!
  createOneNested(data: NestedCreateInput!): Nested!
}

type Nested {
  id: Int!
  createdWithBrowser: String!
  name: String!
}

input NestedCreateInput {
  name: String!
  user: UserCreateOneWithoutUserInput
}

input NestedCreateManyWithoutNestedInput {
  create: [NestedCreateWithoutUserInput!]
  connect: [NestedWhereUniqueInput!]
}

input NestedCreateWithoutUserInput {
  name: String!
}

input NestedWhereUniqueInput {
  id: Int
}

type Query {
  user(where: UserWhereUniqueInput!): User
}

type User {
  id: Int!
  name: String!
  nested(skip: Int, after: Int, before: Int, first: Int, last: Int): [Nested!]!
  createdWithBrowser: String!
}

input UserCreateInput {
  name: String!
  nested: NestedCreateManyWithoutNestedInput
}

input UserCreateOneWithoutUserInput {
  create: UserCreateWithoutNestedInput
  connect: UserWhereUniqueInput
}

input UserCreateWithoutNestedInput {
  name: String!
}

input UserWhereUniqueInput {
  id: Int
}
",
  "typegen": "import * as photon from '@generated/photon';
import { core } from 'nexus';
// Types helpers
  type IsModelNameExistsInGraphQLTypes<
  ReturnType extends any
> = ReturnType extends core.GetGen<'objectNames'> ? true : false;

type NexusPrismaScalarOpts = {
  alias?: string;
};

type Pagination = {
  first?: boolean;
  last?: boolean;
  before?: boolean;
  after?: boolean;
  skip?: boolean;
};

type RootObjectTypes = Pick<
  core.GetGen<'rootTypes'>,
  core.GetGen<'objectNames'>
>;

/**
 * Determine if \`B\` is a subset (or equivalent to) of \`A\`.
*/
type IsSubset<A, B> = keyof A extends never
  ? false
  : B extends A
  ? true
  : false;

type OmitByValue<T, ValueType> = Pick<
  T,
  { [Key in keyof T]: T[Key] extends ValueType ? never : Key }[keyof T]
>;

type GetSubsetTypes<ModelName extends any> = keyof OmitByValue<
  {
    [P in keyof RootObjectTypes]: ModelName extends keyof ModelTypes
      ? IsSubset<RootObjectTypes[P], ModelTypes[ModelName]> extends true
        ? RootObjectTypes[P]
        : never
      : never;
  },
  never
>;

type SubsetTypes<ModelName extends any> = GetSubsetTypes<
  ModelName
> extends never
  ? \`ERROR: No subset types are available. Please make sure that one of your GraphQL type is a subset of your t.model('<ModelName>')\`
  : GetSubsetTypes<ModelName>;

type DynamicRequiredType<ReturnType extends any> = IsModelNameExistsInGraphQLTypes<
  ReturnType
> extends true
  ? { type?: SubsetTypes<ReturnType> }
  : { type: SubsetTypes<ReturnType> };

type GetNexusPrismaInput<
  ModelName extends any,
  MethodName extends any,
  InputName extends 'filtering' | 'ordering'
> = ModelName extends keyof NexusPrismaInputs
  ? MethodName extends keyof NexusPrismaInputs[ModelName]
    ? NexusPrismaInputs[ModelName][MethodName][InputName]
    : never
  : never;

type ContextArgs = Record<string, (ctx: any) => any>;

type NexusPrismaRelationOpts<
  ModelName extends any,
  MethodName extends any,
  ReturnType extends any
> = GetNexusPrismaInput<
  // If GetNexusPrismaInput returns never, it means there are no filtering/ordering args for it. So just use \`alias\` and \`type\`
  ModelName,
  MethodName,
  'filtering'
> extends never
  ? {
      alias?: string;
      contextArgs?: ContextArgs;
    } & DynamicRequiredType<ReturnType>
  : {
      alias?: string;
      contextArgs?: ContextArgs;
      filtering?:
        | boolean
        | Partial<
            Record<
              GetNexusPrismaInput<ModelName, MethodName, 'filtering'>,
              boolean
            >
          >;
      ordering?:
        | boolean
        | Partial<
            Record<
              GetNexusPrismaInput<ModelName, MethodName, 'ordering'>,
              boolean
            >
          >;
      pagination?: boolean | Pagination;
    } & DynamicRequiredType<ReturnType>;

type IsScalar<TypeName extends any> = TypeName extends core.GetGen<'scalarNames'>
  ? true
  : false;

type IsObject<Name extends any> = Name extends core.GetGen<'objectNames'>
  ? true
  : false

type IsEnum<Name extends any> = Name extends core.GetGen<'enumNames'>
  ? true
  : false

type IsInputObject<Name extends any> = Name extends core.GetGen<'inputNames'>
  ? true
  : false

/**
 * The kind that a GraphQL type may be.
 */
type Kind = 'Enum' | 'Object' | 'Scalar' | 'InputObject'

/**
 * Helper to safely reference a Kind type. For example instead of the following
 * which would admit a typo:
 *
 * \`\`\`ts
 * type Foo = Bar extends 'scalar' ? ...
 * \`\`\`
 *
 * You can do this which guarantees a correct reference:
 *
 * \`\`\`ts
 * type Foo = Bar extends AKind<'Scalar'> ? ...
 * \`\`\`
 *
 */
type AKind<T extends Kind> = T

type GetKind<Name extends any> = IsEnum<Name> extends true
  ? 'Enum'
  : IsScalar<Name> extends true
  ? 'Scalar'
  : IsObject<Name> extends true
  ? 'Object'
  : IsInputObject<Name> extends true
  ? 'InputObject'
  // FIXME should be \`never\`, but GQL objects named differently
  // than backing type fall into this branch
  : 'Object'

type NexusPrismaFields<ModelName extends keyof NexusPrismaTypes> = {
  [MethodName in keyof NexusPrismaTypes[ModelName]]: NexusPrismaMethod<
    ModelName,
    MethodName,
    GetKind<NexusPrismaTypes[ModelName][MethodName]> // Is the return type a scalar?
  >;
};

type NexusPrismaMethod<
  ModelName extends keyof NexusPrismaTypes,
  MethodName extends keyof NexusPrismaTypes[ModelName],
  ThisKind extends Kind,
  ReturnType extends any = NexusPrismaTypes[ModelName][MethodName]
> =
  ThisKind extends AKind<'Enum'>
  ? () => NexusPrismaFields<ModelName>
  : ThisKind extends AKind<'Scalar'>
  ? (opts?: NexusPrismaScalarOpts) => NexusPrismaFields<ModelName> // Return optional scalar opts
  : IsModelNameExistsInGraphQLTypes<ReturnType> extends true // If model name has a mapped graphql types
  ? (
      opts?: NexusPrismaRelationOpts<ModelName, MethodName, ReturnType>
    ) => NexusPrismaFields<ModelName> // Then make opts optional
  : (
      opts: NexusPrismaRelationOpts<ModelName, MethodName, ReturnType>
    ) => NexusPrismaFields<ModelName>; // Else force use input the related graphql type -> { type: '...' }

type GetNexusPrismaMethod<
  TypeName extends string
> = TypeName extends keyof NexusPrismaMethods
  ? NexusPrismaMethods[TypeName]
  : <CustomTypeName extends keyof ModelTypes>(
      typeName: CustomTypeName
    ) => NexusPrismaMethods[CustomTypeName];

type GetNexusPrisma<
  TypeName extends string,
  ModelOrCrud extends 'model' | 'crud'
> = ModelOrCrud extends 'model'
  ? TypeName extends 'Mutation'
    ? never
    : TypeName extends 'Query'
    ? never
    : GetNexusPrismaMethod<TypeName>
  : ModelOrCrud extends 'crud'
  ? TypeName extends 'Mutation'
    ? GetNexusPrismaMethod<TypeName>
    : TypeName extends 'Query'
    ? GetNexusPrismaMethod<TypeName>
    : never
  : never;
  

// Generated
interface ModelTypes {
  User: photon.User
  Nested: photon.Nested
}
  
interface NexusPrismaInputs {
  Query: {
    users: {
  filtering: 'id' | 'name' | 'nested' | 'AND' | 'OR' | 'NOT'
  ordering: 'id' | 'name'
}
    nesteds: {
  filtering: 'id' | 'name' | 'AND' | 'OR' | 'NOT' | 'user'
  ordering: 'id' | 'name'
}

  },
    User: {
    nested: {
  filtering: 'id' | 'name' | 'AND' | 'OR' | 'NOT' | 'user'
  ordering: 'id' | 'name'
}

  },  Nested: {


  }
}

interface NexusPrismaTypes {
  Query: {
    user: 'User'
    users: 'User'
    nested: 'Nested'
    nesteds: 'Nested'

  },
  Mutation: {
    createOneUser: 'User'
    updateOneUser: 'User'
    updateManyUser: 'BatchPayload'
    deleteOneUser: 'User'
    deleteManyUser: 'BatchPayload'
    upsertOneUser: 'User'
    createOneNested: 'Nested'
    updateOneNested: 'Nested'
    updateManyNested: 'BatchPayload'
    deleteOneNested: 'Nested'
    deleteManyNested: 'BatchPayload'
    upsertOneNested: 'Nested'

  },
  User: {
    id: 'Int'
    name: 'String'
    nested: 'Nested'
    createdWithBrowser: 'String'

},  Nested: {
    id: 'Int'
    name: 'String'
    createdWithBrowser: 'String'
    user: 'User'

}
}

interface NexusPrismaMethods {
  User: NexusPrismaFields<'User'>
  Nested: NexusPrismaFields<'Nested'>
  Query: NexusPrismaFields<'Query'>
  Mutation: NexusPrismaFields<'Mutation'>
}
  

declare global {
  type NexusPrisma<
    TypeName extends string,
    ModelOrCrud extends 'model' | 'crud'
  > = GetNexusPrisma<TypeName, ModelOrCrud>;
}
  ",
}
`;

exports[`removes resolver-level contextArgs from the corresponding input type: resolverContextArgs 1`] = `
Object {
  "missingTypes": Object {},
  "schema": "type Mutation {
  createOneUser(data: UserCreateInput!): User!
}

type Query {
  user(where: UserWhereUniqueInput!): User
}

type User {
  id: Int!
  name: String!
  createdWithBrowser: String!
}

input UserCreateInput {
  name: String!
}

input UserWhereUniqueInput {
  id: Int
}
",
  "typegen": "import * as photon from '@generated/photon';
import { core } from 'nexus';
// Types helpers
  type IsModelNameExistsInGraphQLTypes<
  ReturnType extends any
> = ReturnType extends core.GetGen<'objectNames'> ? true : false;

type NexusPrismaScalarOpts = {
  alias?: string;
};

type Pagination = {
  first?: boolean;
  last?: boolean;
  before?: boolean;
  after?: boolean;
  skip?: boolean;
};

type RootObjectTypes = Pick<
  core.GetGen<'rootTypes'>,
  core.GetGen<'objectNames'>
>;

/**
 * Determine if \`B\` is a subset (or equivalent to) of \`A\`.
*/
type IsSubset<A, B> = keyof A extends never
  ? false
  : B extends A
  ? true
  : false;

type OmitByValue<T, ValueType> = Pick<
  T,
  { [Key in keyof T]: T[Key] extends ValueType ? never : Key }[keyof T]
>;

type GetSubsetTypes<ModelName extends any> = keyof OmitByValue<
  {
    [P in keyof RootObjectTypes]: ModelName extends keyof ModelTypes
      ? IsSubset<RootObjectTypes[P], ModelTypes[ModelName]> extends true
        ? RootObjectTypes[P]
        : never
      : never;
  },
  never
>;

type SubsetTypes<ModelName extends any> = GetSubsetTypes<
  ModelName
> extends never
  ? \`ERROR: No subset types are available. Please make sure that one of your GraphQL type is a subset of your t.model('<ModelName>')\`
  : GetSubsetTypes<ModelName>;

type DynamicRequiredType<ReturnType extends any> = IsModelNameExistsInGraphQLTypes<
  ReturnType
> extends true
  ? { type?: SubsetTypes<ReturnType> }
  : { type: SubsetTypes<ReturnType> };

type GetNexusPrismaInput<
  ModelName extends any,
  MethodName extends any,
  InputName extends 'filtering' | 'ordering'
> = ModelName extends keyof NexusPrismaInputs
  ? MethodName extends keyof NexusPrismaInputs[ModelName]
    ? NexusPrismaInputs[ModelName][MethodName][InputName]
    : never
  : never;

type ContextArgs = Record<string, (ctx: any) => any>;

type NexusPrismaRelationOpts<
  ModelName extends any,
  MethodName extends any,
  ReturnType extends any
> = GetNexusPrismaInput<
  // If GetNexusPrismaInput returns never, it means there are no filtering/ordering args for it. So just use \`alias\` and \`type\`
  ModelName,
  MethodName,
  'filtering'
> extends never
  ? {
      alias?: string;
      contextArgs?: ContextArgs;
    } & DynamicRequiredType<ReturnType>
  : {
      alias?: string;
      contextArgs?: ContextArgs;
      filtering?:
        | boolean
        | Partial<
            Record<
              GetNexusPrismaInput<ModelName, MethodName, 'filtering'>,
              boolean
            >
          >;
      ordering?:
        | boolean
        | Partial<
            Record<
              GetNexusPrismaInput<ModelName, MethodName, 'ordering'>,
              boolean
            >
          >;
      pagination?: boolean | Pagination;
    } & DynamicRequiredType<ReturnType>;

type IsScalar<TypeName extends any> = TypeName extends core.GetGen<'scalarNames'>
  ? true
  : false;

type IsObject<Name extends any> = Name extends core.GetGen<'objectNames'>
  ? true
  : false

type IsEnum<Name extends any> = Name extends core.GetGen<'enumNames'>
  ? true
  : false

type IsInputObject<Name extends any> = Name extends core.GetGen<'inputNames'>
  ? true
  : false

/**
 * The kind that a GraphQL type may be.
 */
type Kind = 'Enum' | 'Object' | 'Scalar' | 'InputObject'

/**
 * Helper to safely reference a Kind type. For example instead of the following
 * which would admit a typo:
 *
 * \`\`\`ts
 * type Foo = Bar extends 'scalar' ? ...
 * \`\`\`
 *
 * You can do this which guarantees a correct reference:
 *
 * \`\`\`ts
 * type Foo = Bar extends AKind<'Scalar'> ? ...
 * \`\`\`
 *
 */
type AKind<T extends Kind> = T

type GetKind<Name extends any> = IsEnum<Name> extends true
  ? 'Enum'
  : IsScalar<Name> extends true
  ? 'Scalar'
  : IsObject<Name> extends true
  ? 'Object'
  : IsInputObject<Name> extends true
  ? 'InputObject'
  // FIXME should be \`never\`, but GQL objects named differently
  // than backing type fall into this branch
  : 'Object'

type NexusPrismaFields<ModelName extends keyof NexusPrismaTypes> = {
  [MethodName in keyof NexusPrismaTypes[ModelName]]: NexusPrismaMethod<
    ModelName,
    MethodName,
    GetKind<NexusPrismaTypes[ModelName][MethodName]> // Is the return type a scalar?
  >;
};

type NexusPrismaMethod<
  ModelName extends keyof NexusPrismaTypes,
  MethodName extends keyof NexusPrismaTypes[ModelName],
  ThisKind extends Kind,
  ReturnType extends any = NexusPrismaTypes[ModelName][MethodName]
> =
  ThisKind extends AKind<'Enum'>
  ? () => NexusPrismaFields<ModelName>
  : ThisKind extends AKind<'Scalar'>
  ? (opts?: NexusPrismaScalarOpts) => NexusPrismaFields<ModelName> // Return optional scalar opts
  : IsModelNameExistsInGraphQLTypes<ReturnType> extends true // If model name has a mapped graphql types
  ? (
      opts?: NexusPrismaRelationOpts<ModelName, MethodName, ReturnType>
    ) => NexusPrismaFields<ModelName> // Then make opts optional
  : (
      opts: NexusPrismaRelationOpts<ModelName, MethodName, ReturnType>
    ) => NexusPrismaFields<ModelName>; // Else force use input the related graphql type -> { type: '...' }

type GetNexusPrismaMethod<
  TypeName extends string
> = TypeName extends keyof NexusPrismaMethods
  ? NexusPrismaMethods[TypeName]
  : <CustomTypeName extends keyof ModelTypes>(
      typeName: CustomTypeName
    ) => NexusPrismaMethods[CustomTypeName];

type GetNexusPrisma<
  TypeName extends string,
  ModelOrCrud extends 'model' | 'crud'
> = ModelOrCrud extends 'model'
  ? TypeName extends 'Mutation'
    ? never
    : TypeName extends 'Query'
    ? never
    : GetNexusPrismaMethod<TypeName>
  : ModelOrCrud extends 'crud'
  ? TypeName extends 'Mutation'
    ? GetNexusPrismaMethod<TypeName>
    : TypeName extends 'Query'
    ? GetNexusPrismaMethod<TypeName>
    : never
  : never;
  

// Generated
interface ModelTypes {
  User: photon.User
}
  
interface NexusPrismaInputs {
  Query: {
    users: {
  filtering: 'id' | 'name' | 'createdWithBrowser' | 'AND' | 'OR' | 'NOT'
  ordering: 'id' | 'name' | 'createdWithBrowser'
}

  },
    User: {


  }
}

interface NexusPrismaTypes {
  Query: {
    user: 'User'
    users: 'User'

  },
  Mutation: {
    createOneUser: 'User'
    updateOneUser: 'User'
    updateManyUser: 'BatchPayload'
    deleteOneUser: 'User'
    deleteManyUser: 'BatchPayload'
    upsertOneUser: 'User'

  },
  User: {
    id: 'Int'
    name: 'String'
    createdWithBrowser: 'String'

}
}

interface NexusPrismaMethods {
  User: NexusPrismaFields<'User'>
  Query: NexusPrismaFields<'Query'>
  Mutation: NexusPrismaFields<'Mutation'>
}
  

declare global {
  type NexusPrisma<
    TypeName extends string,
    ModelOrCrud extends 'model' | 'crud'
  > = GetNexusPrisma<TypeName, ModelOrCrud>;
}
  ",
}
`;
