// Jest Snapshot v1, https://goo.gl/fbAQLP

exports[`e2e: introspection 1`] = `
Object {
  "__schema": Object {
    "directives": Array [
      Object {
        "args": Array [
          Object {
            "defaultValue": null,
            "description": "Included when true.",
            "name": "if",
            "type": Object {
              "kind": "NON_NULL",
              "name": null,
              "ofType": Object {
                "kind": "SCALAR",
                "name": "Boolean",
                "ofType": null,
              },
            },
          },
        ],
        "description": "Directs the executor to include this field or fragment only when the \`if\` argument is true.",
        "locations": Array [
          "FIELD",
          "FRAGMENT_SPREAD",
          "INLINE_FRAGMENT",
        ],
        "name": "include",
      },
      Object {
        "args": Array [
          Object {
            "defaultValue": null,
            "description": "Skipped when true.",
            "name": "if",
            "type": Object {
              "kind": "NON_NULL",
              "name": null,
              "ofType": Object {
                "kind": "SCALAR",
                "name": "Boolean",
                "ofType": null,
              },
            },
          },
        ],
        "description": "Directs the executor to skip this field or fragment when the \`if\` argument is true.",
        "locations": Array [
          "FIELD",
          "FRAGMENT_SPREAD",
          "INLINE_FRAGMENT",
        ],
        "name": "skip",
      },
      Object {
        "args": Array [
          Object {
            "defaultValue": "\\"No longer supported\\"",
            "description": "Explains why this element was deprecated, usually also including a suggestion for how to access supported similar data. Formatted using the Markdown syntax (as specified by [CommonMark](https://commonmark.org/).",
            "name": "reason",
            "type": Object {
              "kind": "SCALAR",
              "name": "String",
              "ofType": null,
            },
          },
        ],
        "description": "Marks an element of a GraphQL schema as no longer supported.",
        "locations": Array [
          "FIELD_DEFINITION",
          "ENUM_VALUE",
        ],
        "name": "deprecated",
      },
    ],
    "mutationType": null,
    "queryType": Object {
      "name": "Query",
    },
    "subscriptionType": null,
    "types": Array [
      Object {
        "description": null,
        "enumValues": null,
        "fields": Array [
          Object {
            "args": Array [
              Object {
                "defaultValue": null,
                "description": null,
                "name": "world",
                "type": Object {
                  "kind": "SCALAR",
                  "name": "String",
                  "ofType": null,
                },
              },
            ],
            "deprecationReason": null,
            "description": null,
            "isDeprecated": false,
            "name": "hello",
            "type": Object {
              "kind": "OBJECT",
              "name": "World",
              "ofType": null,
            },
          },
          Object {
            "args": Array [],
            "deprecationReason": null,
            "description": null,
            "isDeprecated": false,
            "name": "worlds",
            "type": Object {
              "kind": "LIST",
              "name": null,
              "ofType": Object {
                "kind": "NON_NULL",
                "name": null,
                "ofType": Object {
                  "kind": "OBJECT",
                  "name": "World",
                  "ofType": null,
                },
              },
            },
          },
        ],
        "inputFields": null,
        "interfaces": Array [],
        "kind": "OBJECT",
        "name": "Query",
        "possibleTypes": null,
      },
      Object {
        "description": "The \`String\` scalar type represents textual data, represented as UTF-8 character sequences. The String type is most often used by GraphQL to represent free-form human-readable text.",
        "enumValues": null,
        "fields": null,
        "inputFields": null,
        "interfaces": null,
        "kind": "SCALAR",
        "name": "String",
        "possibleTypes": null,
      },
      Object {
        "description": null,
        "enumValues": null,
        "fields": Array [
          Object {
            "args": Array [],
            "deprecationReason": null,
            "description": null,
            "isDeprecated": false,
            "name": "id",
            "type": Object {
              "kind": "NON_NULL",
              "name": null,
              "ofType": Object {
                "kind": "SCALAR",
                "name": "Int",
                "ofType": null,
              },
            },
          },
          Object {
            "args": Array [],
            "deprecationReason": null,
            "description": null,
            "isDeprecated": false,
            "name": "name",
            "type": Object {
              "kind": "NON_NULL",
              "name": null,
              "ofType": Object {
                "kind": "SCALAR",
                "name": "String",
                "ofType": null,
              },
            },
          },
          Object {
            "args": Array [],
            "deprecationReason": null,
            "description": null,
            "isDeprecated": false,
            "name": "population",
            "type": Object {
              "kind": "NON_NULL",
              "name": null,
              "ofType": Object {
                "kind": "SCALAR",
                "name": "Float",
                "ofType": null,
              },
            },
          },
        ],
        "inputFields": null,
        "interfaces": Array [],
        "kind": "OBJECT",
        "name": "World",
        "possibleTypes": null,
      },
      Object {
        "description": "The \`Int\` scalar type represents non-fractional signed whole numeric values. Int can represent values between -(2^31) and 2^31 - 1.",
        "enumValues": null,
        "fields": null,
        "inputFields": null,
        "interfaces": null,
        "kind": "SCALAR",
        "name": "Int",
        "possibleTypes": null,
      },
      Object {
        "description": "The \`Float\` scalar type represents signed double-precision fractional values as specified by [IEEE 754](https://en.wikipedia.org/wiki/IEEE_floating_point).",
        "enumValues": null,
        "fields": null,
        "inputFields": null,
        "interfaces": null,
        "kind": "SCALAR",
        "name": "Float",
        "possibleTypes": null,
      },
      Object {
        "description": "A GraphQL Schema defines the capabilities of a GraphQL server. It exposes all available types and directives on the server, as well as the entry points for query, mutation, and subscription operations.",
        "enumValues": null,
        "fields": Array [
          Object {
            "args": Array [],
            "deprecationReason": null,
            "description": "A list of all types supported by this server.",
            "isDeprecated": false,
            "name": "types",
            "type": Object {
              "kind": "NON_NULL",
              "name": null,
              "ofType": Object {
                "kind": "LIST",
                "name": null,
                "ofType": Object {
                  "kind": "NON_NULL",
                  "name": null,
                  "ofType": Object {
                    "kind": "OBJECT",
                    "name": "__Type",
                    "ofType": null,
                  },
                },
              },
            },
          },
          Object {
            "args": Array [],
            "deprecationReason": null,
            "description": "The type that query operations will be rooted at.",
            "isDeprecated": false,
            "name": "queryType",
            "type": Object {
              "kind": "NON_NULL",
              "name": null,
              "ofType": Object {
                "kind": "OBJECT",
                "name": "__Type",
                "ofType": null,
              },
            },
          },
          Object {
            "args": Array [],
            "deprecationReason": null,
            "description": "If this server supports mutation, the type that mutation operations will be rooted at.",
            "isDeprecated": false,
            "name": "mutationType",
            "type": Object {
              "kind": "OBJECT",
              "name": "__Type",
              "ofType": null,
            },
          },
          Object {
            "args": Array [],
            "deprecationReason": null,
            "description": "If this server support subscription, the type that subscription operations will be rooted at.",
            "isDeprecated": false,
            "name": "subscriptionType",
            "type": Object {
              "kind": "OBJECT",
              "name": "__Type",
              "ofType": null,
            },
          },
          Object {
            "args": Array [],
            "deprecationReason": null,
            "description": "A list of all directives supported by this server.",
            "isDeprecated": false,
            "name": "directives",
            "type": Object {
              "kind": "NON_NULL",
              "name": null,
              "ofType": Object {
                "kind": "LIST",
                "name": null,
                "ofType": Object {
                  "kind": "NON_NULL",
                  "name": null,
                  "ofType": Object {
                    "kind": "OBJECT",
                    "name": "__Directive",
                    "ofType": null,
                  },
                },
              },
            },
          },
        ],
        "inputFields": null,
        "interfaces": Array [],
        "kind": "OBJECT",
        "name": "__Schema",
        "possibleTypes": null,
      },
      Object {
        "description": "The fundamental unit of any GraphQL Schema is the type. There are many kinds of types in GraphQL as represented by the \`__TypeKind\` enum.

Depending on the kind of a type, certain fields describe information about that type. Scalar types provide no information beyond a name and description, while Enum types provide their values. Object and Interface types provide the fields they describe. Abstract types, Union and Interface, provide the Object types possible at runtime. List and NonNull types compose other types.",
        "enumValues": null,
        "fields": Array [
          Object {
            "args": Array [],
            "deprecationReason": null,
            "description": null,
            "isDeprecated": false,
            "name": "kind",
            "type": Object {
              "kind": "NON_NULL",
              "name": null,
              "ofType": Object {
                "kind": "ENUM",
                "name": "__TypeKind",
                "ofType": null,
              },
            },
          },
          Object {
            "args": Array [],
            "deprecationReason": null,
            "description": null,
            "isDeprecated": false,
            "name": "name",
            "type": Object {
              "kind": "SCALAR",
              "name": "String",
              "ofType": null,
            },
          },
          Object {
            "args": Array [],
            "deprecationReason": null,
            "description": null,
            "isDeprecated": false,
            "name": "description",
            "type": Object {
              "kind": "SCALAR",
              "name": "String",
              "ofType": null,
            },
          },
          Object {
            "args": Array [
              Object {
                "defaultValue": "false",
                "description": null,
                "name": "includeDeprecated",
                "type": Object {
                  "kind": "SCALAR",
                  "name": "Boolean",
                  "ofType": null,
                },
              },
            ],
            "deprecationReason": null,
            "description": null,
            "isDeprecated": false,
            "name": "fields",
            "type": Object {
              "kind": "LIST",
              "name": null,
              "ofType": Object {
                "kind": "NON_NULL",
                "name": null,
                "ofType": Object {
                  "kind": "OBJECT",
                  "name": "__Field",
                  "ofType": null,
                },
              },
            },
          },
          Object {
            "args": Array [],
            "deprecationReason": null,
            "description": null,
            "isDeprecated": false,
            "name": "interfaces",
            "type": Object {
              "kind": "LIST",
              "name": null,
              "ofType": Object {
                "kind": "NON_NULL",
                "name": null,
                "ofType": Object {
                  "kind": "OBJECT",
                  "name": "__Type",
                  "ofType": null,
                },
              },
            },
          },
          Object {
            "args": Array [],
            "deprecationReason": null,
            "description": null,
            "isDeprecated": false,
            "name": "possibleTypes",
            "type": Object {
              "kind": "LIST",
              "name": null,
              "ofType": Object {
                "kind": "NON_NULL",
                "name": null,
                "ofType": Object {
                  "kind": "OBJECT",
                  "name": "__Type",
                  "ofType": null,
                },
              },
            },
          },
          Object {
            "args": Array [
              Object {
                "defaultValue": "false",
                "description": null,
                "name": "includeDeprecated",
                "type": Object {
                  "kind": "SCALAR",
                  "name": "Boolean",
                  "ofType": null,
                },
              },
            ],
            "deprecationReason": null,
            "description": null,
            "isDeprecated": false,
            "name": "enumValues",
            "type": Object {
              "kind": "LIST",
              "name": null,
              "ofType": Object {
                "kind": "NON_NULL",
                "name": null,
                "ofType": Object {
                  "kind": "OBJECT",
                  "name": "__EnumValue",
                  "ofType": null,
                },
              },
            },
          },
          Object {
            "args": Array [],
            "deprecationReason": null,
            "description": null,
            "isDeprecated": false,
            "name": "inputFields",
            "type": Object {
              "kind": "LIST",
              "name": null,
              "ofType": Object {
                "kind": "NON_NULL",
                "name": null,
                "ofType": Object {
                  "kind": "OBJECT",
                  "name": "__InputValue",
                  "ofType": null,
                },
              },
            },
          },
          Object {
            "args": Array [],
            "deprecationReason": null,
            "description": null,
            "isDeprecated": false,
            "name": "ofType",
            "type": Object {
              "kind": "OBJECT",
              "name": "__Type",
              "ofType": null,
            },
          },
        ],
        "inputFields": null,
        "interfaces": Array [],
        "kind": "OBJECT",
        "name": "__Type",
        "possibleTypes": null,
      },
      Object {
        "description": "An enum describing what kind of type a given \`__Type\` is.",
        "enumValues": Array [
          Object {
            "deprecationReason": null,
            "description": "Indicates this type is a scalar.",
            "isDeprecated": false,
            "name": "SCALAR",
          },
          Object {
            "deprecationReason": null,
            "description": "Indicates this type is an object. \`fields\` and \`interfaces\` are valid fields.",
            "isDeprecated": false,
            "name": "OBJECT",
          },
          Object {
            "deprecationReason": null,
            "description": "Indicates this type is an interface. \`fields\` and \`possibleTypes\` are valid fields.",
            "isDeprecated": false,
            "name": "INTERFACE",
          },
          Object {
            "deprecationReason": null,
            "description": "Indicates this type is a union. \`possibleTypes\` is a valid field.",
            "isDeprecated": false,
            "name": "UNION",
          },
          Object {
            "deprecationReason": null,
            "description": "Indicates this type is an enum. \`enumValues\` is a valid field.",
            "isDeprecated": false,
            "name": "ENUM",
          },
          Object {
            "deprecationReason": null,
            "description": "Indicates this type is an input object. \`inputFields\` is a valid field.",
            "isDeprecated": false,
            "name": "INPUT_OBJECT",
          },
          Object {
            "deprecationReason": null,
            "description": "Indicates this type is a list. \`ofType\` is a valid field.",
            "isDeprecated": false,
            "name": "LIST",
          },
          Object {
            "deprecationReason": null,
            "description": "Indicates this type is a non-null. \`ofType\` is a valid field.",
            "isDeprecated": false,
            "name": "NON_NULL",
          },
        ],
        "fields": null,
        "inputFields": null,
        "interfaces": null,
        "kind": "ENUM",
        "name": "__TypeKind",
        "possibleTypes": null,
      },
      Object {
        "description": "The \`Boolean\` scalar type represents \`true\` or \`false\`.",
        "enumValues": null,
        "fields": null,
        "inputFields": null,
        "interfaces": null,
        "kind": "SCALAR",
        "name": "Boolean",
        "possibleTypes": null,
      },
      Object {
        "description": "Object and Interface types are described by a list of Fields, each of which has a name, potentially a list of arguments, and a return type.",
        "enumValues": null,
        "fields": Array [
          Object {
            "args": Array [],
            "deprecationReason": null,
            "description": null,
            "isDeprecated": false,
            "name": "name",
            "type": Object {
              "kind": "NON_NULL",
              "name": null,
              "ofType": Object {
                "kind": "SCALAR",
                "name": "String",
                "ofType": null,
              },
            },
          },
          Object {
            "args": Array [],
            "deprecationReason": null,
            "description": null,
            "isDeprecated": false,
            "name": "description",
            "type": Object {
              "kind": "SCALAR",
              "name": "String",
              "ofType": null,
            },
          },
          Object {
            "args": Array [],
            "deprecationReason": null,
            "description": null,
            "isDeprecated": false,
            "name": "args",
            "type": Object {
              "kind": "NON_NULL",
              "name": null,
              "ofType": Object {
                "kind": "LIST",
                "name": null,
                "ofType": Object {
                  "kind": "NON_NULL",
                  "name": null,
                  "ofType": Object {
                    "kind": "OBJECT",
                    "name": "__InputValue",
                    "ofType": null,
                  },
                },
              },
            },
          },
          Object {
            "args": Array [],
            "deprecationReason": null,
            "description": null,
            "isDeprecated": false,
            "name": "type",
            "type": Object {
              "kind": "NON_NULL",
              "name": null,
              "ofType": Object {
                "kind": "OBJECT",
                "name": "__Type",
                "ofType": null,
              },
            },
          },
          Object {
            "args": Array [],
            "deprecationReason": null,
            "description": null,
            "isDeprecated": false,
            "name": "isDeprecated",
            "type": Object {
              "kind": "NON_NULL",
              "name": null,
              "ofType": Object {
                "kind": "SCALAR",
                "name": "Boolean",
                "ofType": null,
              },
            },
          },
          Object {
            "args": Array [],
            "deprecationReason": null,
            "description": null,
            "isDeprecated": false,
            "name": "deprecationReason",
            "type": Object {
              "kind": "SCALAR",
              "name": "String",
              "ofType": null,
            },
          },
        ],
        "inputFields": null,
        "interfaces": Array [],
        "kind": "OBJECT",
        "name": "__Field",
        "possibleTypes": null,
      },
      Object {
        "description": "Arguments provided to Fields or Directives and the input fields of an InputObject are represented as Input Values which describe their type and optionally a default value.",
        "enumValues": null,
        "fields": Array [
          Object {
            "args": Array [],
            "deprecationReason": null,
            "description": null,
            "isDeprecated": false,
            "name": "name",
            "type": Object {
              "kind": "NON_NULL",
              "name": null,
              "ofType": Object {
                "kind": "SCALAR",
                "name": "String",
                "ofType": null,
              },
            },
          },
          Object {
            "args": Array [],
            "deprecationReason": null,
            "description": null,
            "isDeprecated": false,
            "name": "description",
            "type": Object {
              "kind": "SCALAR",
              "name": "String",
              "ofType": null,
            },
          },
          Object {
            "args": Array [],
            "deprecationReason": null,
            "description": null,
            "isDeprecated": false,
            "name": "type",
            "type": Object {
              "kind": "NON_NULL",
              "name": null,
              "ofType": Object {
                "kind": "OBJECT",
                "name": "__Type",
                "ofType": null,
              },
            },
          },
          Object {
            "args": Array [],
            "deprecationReason": null,
            "description": "A GraphQL-formatted string representing the default value for this input value.",
            "isDeprecated": false,
            "name": "defaultValue",
            "type": Object {
              "kind": "SCALAR",
              "name": "String",
              "ofType": null,
            },
          },
        ],
        "inputFields": null,
        "interfaces": Array [],
        "kind": "OBJECT",
        "name": "__InputValue",
        "possibleTypes": null,
      },
      Object {
        "description": "One possible value for a given Enum. Enum values are unique values, not a placeholder for a string or numeric value. However an Enum value is returned in a JSON response as a string.",
        "enumValues": null,
        "fields": Array [
          Object {
            "args": Array [],
            "deprecationReason": null,
            "description": null,
            "isDeprecated": false,
            "name": "name",
            "type": Object {
              "kind": "NON_NULL",
              "name": null,
              "ofType": Object {
                "kind": "SCALAR",
                "name": "String",
                "ofType": null,
              },
            },
          },
          Object {
            "args": Array [],
            "deprecationReason": null,
            "description": null,
            "isDeprecated": false,
            "name": "description",
            "type": Object {
              "kind": "SCALAR",
              "name": "String",
              "ofType": null,
            },
          },
          Object {
            "args": Array [],
            "deprecationReason": null,
            "description": null,
            "isDeprecated": false,
            "name": "isDeprecated",
            "type": Object {
              "kind": "NON_NULL",
              "name": null,
              "ofType": Object {
                "kind": "SCALAR",
                "name": "Boolean",
                "ofType": null,
              },
            },
          },
          Object {
            "args": Array [],
            "deprecationReason": null,
            "description": null,
            "isDeprecated": false,
            "name": "deprecationReason",
            "type": Object {
              "kind": "SCALAR",
              "name": "String",
              "ofType": null,
            },
          },
        ],
        "inputFields": null,
        "interfaces": Array [],
        "kind": "OBJECT",
        "name": "__EnumValue",
        "possibleTypes": null,
      },
      Object {
        "description": "A Directive provides a way to describe alternate runtime execution and type validation behavior in a GraphQL document.

In some cases, you need to provide options to alter GraphQL's execution behavior in ways field arguments will not suffice, such as conditionally including or skipping a field. Directives provide this by describing additional information to the executor.",
        "enumValues": null,
        "fields": Array [
          Object {
            "args": Array [],
            "deprecationReason": null,
            "description": null,
            "isDeprecated": false,
            "name": "name",
            "type": Object {
              "kind": "NON_NULL",
              "name": null,
              "ofType": Object {
                "kind": "SCALAR",
                "name": "String",
                "ofType": null,
              },
            },
          },
          Object {
            "args": Array [],
            "deprecationReason": null,
            "description": null,
            "isDeprecated": false,
            "name": "description",
            "type": Object {
              "kind": "SCALAR",
              "name": "String",
              "ofType": null,
            },
          },
          Object {
            "args": Array [],
            "deprecationReason": null,
            "description": null,
            "isDeprecated": false,
            "name": "locations",
            "type": Object {
              "kind": "NON_NULL",
              "name": null,
              "ofType": Object {
                "kind": "LIST",
                "name": null,
                "ofType": Object {
                  "kind": "NON_NULL",
                  "name": null,
                  "ofType": Object {
                    "kind": "ENUM",
                    "name": "__DirectiveLocation",
                    "ofType": null,
                  },
                },
              },
            },
          },
          Object {
            "args": Array [],
            "deprecationReason": null,
            "description": null,
            "isDeprecated": false,
            "name": "args",
            "type": Object {
              "kind": "NON_NULL",
              "name": null,
              "ofType": Object {
                "kind": "LIST",
                "name": null,
                "ofType": Object {
                  "kind": "NON_NULL",
                  "name": null,
                  "ofType": Object {
                    "kind": "OBJECT",
                    "name": "__InputValue",
                    "ofType": null,
                  },
                },
              },
            },
          },
        ],
        "inputFields": null,
        "interfaces": Array [],
        "kind": "OBJECT",
        "name": "__Directive",
        "possibleTypes": null,
      },
      Object {
        "description": "A Directive can be adjacent to many parts of the GraphQL language, a __DirectiveLocation describes one such possible adjacencies.",
        "enumValues": Array [
          Object {
            "deprecationReason": null,
            "description": "Location adjacent to a query operation.",
            "isDeprecated": false,
            "name": "QUERY",
          },
          Object {
            "deprecationReason": null,
            "description": "Location adjacent to a mutation operation.",
            "isDeprecated": false,
            "name": "MUTATION",
          },
          Object {
            "deprecationReason": null,
            "description": "Location adjacent to a subscription operation.",
            "isDeprecated": false,
            "name": "SUBSCRIPTION",
          },
          Object {
            "deprecationReason": null,
            "description": "Location adjacent to a field.",
            "isDeprecated": false,
            "name": "FIELD",
          },
          Object {
            "deprecationReason": null,
            "description": "Location adjacent to a fragment definition.",
            "isDeprecated": false,
            "name": "FRAGMENT_DEFINITION",
          },
          Object {
            "deprecationReason": null,
            "description": "Location adjacent to a fragment spread.",
            "isDeprecated": false,
            "name": "FRAGMENT_SPREAD",
          },
          Object {
            "deprecationReason": null,
            "description": "Location adjacent to an inline fragment.",
            "isDeprecated": false,
            "name": "INLINE_FRAGMENT",
          },
          Object {
            "deprecationReason": null,
            "description": "Location adjacent to a variable definition.",
            "isDeprecated": false,
            "name": "VARIABLE_DEFINITION",
          },
          Object {
            "deprecationReason": null,
            "description": "Location adjacent to a schema definition.",
            "isDeprecated": false,
            "name": "SCHEMA",
          },
          Object {
            "deprecationReason": null,
            "description": "Location adjacent to a scalar definition.",
            "isDeprecated": false,
            "name": "SCALAR",
          },
          Object {
            "deprecationReason": null,
            "description": "Location adjacent to an object type definition.",
            "isDeprecated": false,
            "name": "OBJECT",
          },
          Object {
            "deprecationReason": null,
            "description": "Location adjacent to a field definition.",
            "isDeprecated": false,
            "name": "FIELD_DEFINITION",
          },
          Object {
            "deprecationReason": null,
            "description": "Location adjacent to an argument definition.",
            "isDeprecated": false,
            "name": "ARGUMENT_DEFINITION",
          },
          Object {
            "deprecationReason": null,
            "description": "Location adjacent to an interface definition.",
            "isDeprecated": false,
            "name": "INTERFACE",
          },
          Object {
            "deprecationReason": null,
            "description": "Location adjacent to a union definition.",
            "isDeprecated": false,
            "name": "UNION",
          },
          Object {
            "deprecationReason": null,
            "description": "Location adjacent to an enum definition.",
            "isDeprecated": false,
            "name": "ENUM",
          },
          Object {
            "deprecationReason": null,
            "description": "Location adjacent to an enum value definition.",
            "isDeprecated": false,
            "name": "ENUM_VALUE",
          },
          Object {
            "deprecationReason": null,
            "description": "Location adjacent to an input object type definition.",
            "isDeprecated": false,
            "name": "INPUT_OBJECT",
          },
          Object {
            "deprecationReason": null,
            "description": "Location adjacent to an input object field definition.",
            "isDeprecated": false,
            "name": "INPUT_FIELD_DEFINITION",
          },
        ],
        "fields": null,
        "inputFields": null,
        "interfaces": null,
        "kind": "ENUM",
        "name": "__DirectiveLocation",
        "possibleTypes": null,
      },
      Object {
        "description": "A date-time string at UTC, such as 2007-12-03T10:15:30Z, compliant with the \`date-time\` format outlined in section 5.6 of the RFC 3339 profile of the ISO 8601 standard for representation of dates and times using the Gregorian calendar.",
        "enumValues": null,
        "fields": null,
        "inputFields": null,
        "interfaces": null,
        "kind": "SCALAR",
        "name": "DateTime",
        "possibleTypes": null,
      },
      Object {
        "description": "The \`JSON\` scalar type represents JSON objects as specified by [ECMA-404](http://www.ecma-international.org/publications/files/ECMA-ST/ECMA-404.pdf).",
        "enumValues": null,
        "fields": null,
        "inputFields": null,
        "interfaces": null,
        "kind": "SCALAR",
        "name": "Json",
        "possibleTypes": null,
      },
    ],
  },
}
`;

exports[`e2e: worlds-query 1`] = `
Object {
  "worlds": Array [
    Object {
      "id": 1,
      "name": "Earth",
      "population": 6000000000,
    },
    Object {
      "id": 2,
      "name": "Mars",
      "population": 0,
    },
  ],
}
`;
