// Jest Snapshot v1, https://goo.gl/fbAQLP

exports[`support models with only one id field (some crud operations are removed): schema 1`] = `
"type Query {
  ok: Boolean!
}

type User {
  id: Int!
}
"
`;

exports[`support models with only one id field (some crud operations are removed): typegen 1`] = `
"import * as Typegen from 'nexus-plugin-prisma/typegen'
import * as Prisma from '@prisma/client';

// Pagination type
type Pagination = {
  first?: boolean
  last?: boolean
  before?: boolean
  after?: boolean
}

// Prisma custom scalar names
type CustomScalars = 'No custom scalars are used in your Prisma Schema.'

// Prisma model type definitions
interface PrismaModels {
  User: Prisma.User
}

// Prisma input types metadata
interface NexusPrismaInputs {
  Query: {
    findManyUser: {
      filtering: 'AND' | 'OR' | 'NOT' | 'id'
      ordering: 'id'
    }
  },
  User: {

  }
}

// Prisma output types metadata
interface NexusPrismaOutputs {
  Query: {
    findOneUser: 'User'
    findManyUser: 'User'
  },
  Mutation: {
    createOneUser: 'User'
    updateOneUser: 'User'
    updateManyUser: 'BatchPayload'
    deleteOneUser: 'User'
    deleteManyUser: 'BatchPayload'
  },
  User: {
    id: 'Int'
  }
}

// Helper to gather all methods relative to a model
interface NexusPrismaMethods {
  User: Typegen.NexusPrismaFields<'User'>
  Query: Typegen.NexusPrismaFields<'Query'>
  Mutation: Typegen.NexusPrismaFields<'Mutation'>
}

interface NexusPrismaGenTypes {
  inputs: NexusPrismaInputs
  outputs: NexusPrismaOutputs
  methods: NexusPrismaMethods
  models: PrismaModels
  pagination: Pagination
  scalars: CustomScalars
}

declare global {
  interface NexusPrismaGen extends NexusPrismaGenTypes {}

  type NexusPrisma<
    TypeName extends string,
    ModelOrCrud extends 'model' | 'crud'
  > = Typegen.GetNexusPrisma<TypeName, ModelOrCrud>;
}
  "
`;
