// Jest Snapshot v1, https://goo.gl/fbAQLP

exports[`does not automatically publish input/enum type if already created by user: schema 1`] = `
"enum Color {
  Something
  Else
}

type Query {
  findManyUser(where: UserWhereInput, first: Int, last: Int, before: UserWhereUniqueInput, after: UserWhereUniqueInput): [User!]!
}

type User {
  id: Int!
  favouriteColor: Color!
}

input UserWhereInput {
  customField: String
}

input UserWhereUniqueInput {
  id: Int
}
"
`;

exports[`does not automatically publish input/enum type if already created by user: typegen 1`] = `
"import * as Typegen from 'nexus-plugin-prisma/typegen'
import * as Prisma from '@prisma/client';

// Pagination type
type Pagination = {
  first?: boolean
  last?: boolean
  before?: boolean
  after?: boolean
}

// Prisma custom scalar names
type CustomScalars = 'No custom scalars are used in your Prisma Schema.'

// Prisma model type definitions
interface PrismaModels {
  User: Prisma.User
}

// Prisma input types metadata
interface NexusPrismaInputs {
  Query: {
    findManyUser: {
      filtering: 'AND' | 'OR' | 'NOT' | 'id' | 'favouriteColor'
      ordering: 'id' | 'favouriteColor'
    }
  },
  User: {

  }
}

// Prisma output types metadata
interface NexusPrismaOutputs {
  Query: {
    findOneUser: 'User'
    findManyUser: 'User'
  },
  Mutation: {
    createOneUser: 'User'
    updateOneUser: 'User'
    updateManyUser: 'BatchPayload'
    deleteOneUser: 'User'
    deleteManyUser: 'BatchPayload'
    upsertOneUser: 'User'
  },
  User: {
    id: 'Int'
    favouriteColor: 'Color'
  }
}

// Helper to gather all methods relative to a model
interface NexusPrismaMethods {
  User: Typegen.NexusPrismaFields<'User'>
  Query: Typegen.NexusPrismaFields<'Query'>
  Mutation: Typegen.NexusPrismaFields<'Mutation'>
}

interface NexusPrismaGenTypes {
  inputs: NexusPrismaInputs
  outputs: NexusPrismaOutputs
  methods: NexusPrismaMethods
  models: PrismaModels
  pagination: Pagination
  scalars: CustomScalars
}

declare global {
  interface NexusPrismaGen extends NexusPrismaGenTypes {}

  type NexusPrisma<
    TypeName extends string,
    ModelOrCrud extends 'model' | 'crud'
  > = Typegen.GetNexusPrisma<TypeName, ModelOrCrud>;
}
  "
`;

exports[`does not publish enum twice (from input/output type): schema 1`] = `
"enum Color {
  Red
  Green
  Blue
}

input IntFilter {
  equals: Int
  in: [Int!]
  notIn: [Int!]
  lt: Int
  lte: Int
  gt: Int
  gte: Int
  not: NestedIntFilter
}

input NestedIntFilter {
  equals: Int
  in: [Int!]
  notIn: [Int!]
  lt: Int
  lte: Int
  gt: Int
  gte: Int
  not: NestedIntFilter
}

type Query {
  findManyUser(where: UserWhereInput, first: Int, last: Int, before: UserWhereUniqueInput, after: UserWhereUniqueInput): [User!]!
}

type User {
  id: Int!
  favouriteColor: Color!
}

input UserWhereInput {
  AND: [UserWhereInput!]
  OR: [UserWhereInput!]
  NOT: [UserWhereInput!]
  id: IntFilter
  favouriteColor: Color
}

input UserWhereUniqueInput {
  id: Int
}
"
`;

exports[`does not publish enum twice (from input/output type): typegen 1`] = `
"import * as Typegen from 'nexus-plugin-prisma/typegen'
import * as Prisma from '@prisma/client';

// Pagination type
type Pagination = {
  first?: boolean
  last?: boolean
  before?: boolean
  after?: boolean
}

// Prisma custom scalar names
type CustomScalars = 'No custom scalars are used in your Prisma Schema.'

// Prisma model type definitions
interface PrismaModels {
  User: Prisma.User
}

// Prisma input types metadata
interface NexusPrismaInputs {
  Query: {
    findManyUser: {
      filtering: 'AND' | 'OR' | 'NOT' | 'id' | 'favouriteColor'
      ordering: 'id' | 'favouriteColor'
    }
  },
  User: {

  }
}

// Prisma output types metadata
interface NexusPrismaOutputs {
  Query: {
    findOneUser: 'User'
    findManyUser: 'User'
  },
  Mutation: {
    createOneUser: 'User'
    updateOneUser: 'User'
    updateManyUser: 'BatchPayload'
    deleteOneUser: 'User'
    deleteManyUser: 'BatchPayload'
    upsertOneUser: 'User'
  },
  User: {
    id: 'Int'
    favouriteColor: 'Color'
  }
}

// Helper to gather all methods relative to a model
interface NexusPrismaMethods {
  User: Typegen.NexusPrismaFields<'User'>
  Query: Typegen.NexusPrismaFields<'Query'>
  Mutation: Typegen.NexusPrismaFields<'Mutation'>
}

interface NexusPrismaGenTypes {
  inputs: NexusPrismaInputs
  outputs: NexusPrismaOutputs
  methods: NexusPrismaMethods
  models: PrismaModels
  pagination: Pagination
  scalars: CustomScalars
}

declare global {
  interface NexusPrismaGen extends NexusPrismaGenTypes {}

  type NexusPrisma<
    TypeName extends string,
    ModelOrCrud extends 'model' | 'crud'
  > = Typegen.GetNexusPrisma<TypeName, ModelOrCrud>;
}
  "
`;

exports[`publishes enum even as output type: schema 1`] = `
"enum Color {
  Red
  Green
  Blue
}

type Query {
  ok: Boolean!
}

type User {
  id: Int!
  favouriteColor: Color!
}
"
`;

exports[`publishes enum even as output type: typegen 1`] = `
"import * as Typegen from 'nexus-plugin-prisma/typegen'
import * as Prisma from '@prisma/client';

// Pagination type
type Pagination = {
  first?: boolean
  last?: boolean
  before?: boolean
  after?: boolean
}

// Prisma custom scalar names
type CustomScalars = 'No custom scalars are used in your Prisma Schema.'

// Prisma model type definitions
interface PrismaModels {
  User: Prisma.User
}

// Prisma input types metadata
interface NexusPrismaInputs {
  Query: {
    findManyUser: {
      filtering: 'AND' | 'OR' | 'NOT' | 'id' | 'favouriteColor'
      ordering: 'id' | 'favouriteColor'
    }
  },
  User: {

  }
}

// Prisma output types metadata
interface NexusPrismaOutputs {
  Query: {
    findOneUser: 'User'
    findManyUser: 'User'
  },
  Mutation: {
    createOneUser: 'User'
    updateOneUser: 'User'
    updateManyUser: 'BatchPayload'
    deleteOneUser: 'User'
    deleteManyUser: 'BatchPayload'
    upsertOneUser: 'User'
  },
  User: {
    id: 'Int'
    favouriteColor: 'Color'
  }
}

// Helper to gather all methods relative to a model
interface NexusPrismaMethods {
  User: Typegen.NexusPrismaFields<'User'>
  Query: Typegen.NexusPrismaFields<'Query'>
  Mutation: Typegen.NexusPrismaFields<'Mutation'>
}

interface NexusPrismaGenTypes {
  inputs: NexusPrismaInputs
  outputs: NexusPrismaOutputs
  methods: NexusPrismaMethods
  models: PrismaModels
  pagination: Pagination
  scalars: CustomScalars
}

declare global {
  interface NexusPrismaGen extends NexusPrismaGenTypes {}

  type NexusPrisma<
    TypeName extends string,
    ModelOrCrud extends 'model' | 'crud'
  > = Typegen.GetNexusPrisma<TypeName, ModelOrCrud>;
}
  "
`;
