// Jest Snapshot v1, https://goo.gl/fbAQLP

exports[`create: converts nulls to undefined when fields are not nullable 1`] = `
Object {
  "data": Object {
    "id": undefined,
    "posts": Object {
      "connect": undefined,
      "create": Object {
        "id": "titi",
      },
    },
  },
}
`;

exports[`do not convert args that are arrays 1`] = `
Object {
  "where": Object {
    "OR": Array [
      Object {
        "something": true,
      },
      Object {
        "something": false,
      },
    ],
  },
}
`;

exports[`findMany: converts nulls to undefined when fields are not nullable 1`] = `
Object {
  "after": undefined,
  "before": undefined,
  "first": 1,
  "orderBy": Object {
    "birthDate": undefined,
    "email": undefined,
    "id": "asc",
  },
  "where": Object {
    "AND": undefined,
    "NOT": Object {
      "AND": Object {
        "birthDate": undefined,
      },
      "posts": undefined,
    },
  },
}
`;

exports[`model filtering: converts nulls to undefined when fields are not nullable 1`] = `
Object {
  "where": Object {
    "authors": Object {
      "every": Object {
        "birthDate": undefined,
        "email": undefined,
        "posts": undefined,
      },
    },
    "id": undefined,
  },
}
`;
